[0m[[0m[0minfo[0m] [0m[0mLoading settings from build.sbt ...[0m
[0m[[0m[0minfo[0m] [0m[0mLoading project definition from /workspaces/symdpoly/modules/core/project[0m
[0m[[0m[0minfo[0m] [0m[0mUpdating ProjectRef(uri("file:/workspaces/symdpoly/modules/core/project/"), "core")...[0m
[0m[[0m[33mwarn[0m] [0m[0m	module not found: net.alasc#attributes_2.12;0.30[0m
[0m[[0m[33mwarn[0m] [0m[0m==== typesafe-ivy-releases: tried[0m
[0m[[0m[33mwarn[0m] [0m[0m  https://repo.typesafe.com/typesafe/ivy-releases/net.alasc/attributes_2.12/0.30/ivys/ivy.xml[0m
[0m[[0m[33mwarn[0m] [0m[0m==== sbt-plugin-releases: tried[0m
[0m[[0m[33mwarn[0m] [0m[0m  https://repo.scala-sbt.org/scalasbt/sbt-plugin-releases/net.alasc/attributes_2.12/0.30/ivys/ivy.xml[0m
[0m[[0m[33mwarn[0m] [0m[0m==== local: tried[0m
[0m[[0m[33mwarn[0m] [0m[0m  /home/vscode/.ivy2/local/net.alasc/attributes_2.12/0.30/ivys/ivy.xml[0m
[0m[[0m[33mwarn[0m] [0m[0m==== public: tried[0m
[0m[[0m[33mwarn[0m] [0m[0m  https://repo1.maven.org/maven2/net/alasc/attributes_2.12/0.30/attributes_2.12-0.30.pom[0m
[0m[[0m[33mwarn[0m] [0m[0m	module not found: org.scala-metal#metal-core_2.12;0.16.0.0[0m
[0m[[0m[33mwarn[0m] [0m[0m==== typesafe-ivy-releases: tried[0m
[0m[[0m[33mwarn[0m] [0m[0m  https://repo.typesafe.com/typesafe/ivy-releases/org.scala-metal/metal-core_2.12/0.16.0.0/ivys/ivy.xml[0m
[0m[[0m[33mwarn[0m] [0m[0m==== sbt-plugin-releases: tried[0m
[0m[[0m[33mwarn[0m] [0m[0m  https://repo.scala-sbt.org/scalasbt/sbt-plugin-releases/org.scala-metal/metal-core_2.12/0.16.0.0/ivys/ivy.xml[0m
[0m[[0m[33mwarn[0m] [0m[0m==== local: tried[0m
[0m[[0m[33mwarn[0m] [0m[0m  /home/vscode/.ivy2/local/org.scala-metal/metal-core_2.12/0.16.0.0/ivys/ivy.xml[0m
[0m[[0m[33mwarn[0m] [0m[0m==== public: tried[0m
[0m[[0m[33mwarn[0m] [0m[0m  https://repo1.maven.org/maven2/org/scala-metal/metal-core_2.12/0.16.0.0/metal-core_2.12-0.16.0.0.pom[0m
[0m[[0m[33mwarn[0m] [0m[0m	::::::::::::::::::::::::::::::::::::::::::::::[0m
Project loading failed: (r)etry, (q)uit, (l)ast, or (i)gnore? [0m[[0m[33mwarn[0m] [0m[0m	::          UNRESOLVED DEPENDENCIES         ::[0m
[0m[[0m[33mwarn[0m] [0m[0m	::::::::::::::::::::::::::::::::::::::::::::::[0m
[0m[[0m[33mwarn[0m] [0m[0m	:: net.alasc#attributes_2.12;0.30: not found[0m
[0m[[0m[33mwarn[0m] [0m[0m	:: org.scala-metal#metal-core_2.12;0.16.0.0: not found[0m
[0m[[0m[33mwarn[0m] [0m[0m	::::::::::::::::::::::::::::::::::::::::::::::[0m
[0m[[0m[33mwarn[0m] [0m[0m[0m
[0m[[0m[33mwarn[0m] [0m[0m	Note: Unresolved dependencies path:[0m
[0m[[0m[33mwarn[0m] [0m[0m		net.alasc:attributes_2.12:0.30 (/workspaces/symdpoly/modules/core/project/build.sbt#L74)[0m
[0m[[0m[33mwarn[0m] [0m[0m		  +- symdpoly-core-standalone:symdpoly-core-standalone:0.1.0-SNAPSHOT (scalaVersion=2.12, sbtVersion=1.0)[0m
[0m[[0m[33mwarn[0m] [0m[0m		org.scala-metal:metal-core_2.12:0.16.0.0 (/workspaces/symdpoly/modules/core/project/build.sbt#L74)[0m
[0m[[0m[33mwarn[0m] [0m[0m		  +- symdpoly-core-standalone:symdpoly-core-standalone:0.1.0-SNAPSHOT (scalaVersion=2.12, sbtVersion=1.0)[0m
[0m[[0m[31merror[0m] [0m[0msbt.librarymanagement.ResolveException: unresolved dependency: net.alasc#attributes_2.12;0.30: not found[0m
[0m[[0m[31merror[0m] [0m[0munresolved dependency: org.scala-metal#metal-core_2.12;0.16.0.0: not found[0m
[0m[[0m[31merror[0m] [0m[0m	at sbt.internal.librarymanagement.IvyActions$.resolveAndRetrieve(IvyActions.scala:334)[0m
[0m[[0m[31merror[0m] [0m[0m	at sbt.internal.librarymanagement.IvyActions$.$anonfun$updateEither$1(IvyActions.scala:208)[0m
[0m[[0m[31merror[0m] [0m[0m	at sbt.internal.librarymanagement.IvySbt$Module.$anonfun$withModule$1(Ivy.scala:243)[0m
[0m[[0m[31merror[0m] [0m[0m	at sbt.internal.librarymanagement.IvySbt.$anonfun$withIvy$1(Ivy.scala:204)[0m
[0m[[0m[31merror[0m] [0m[0m	at sbt.internal.librarymanagement.IvySbt.sbt$internal$librarymanagement$IvySbt$$action$1(Ivy.scala:70)[0m
[0m[[0m[31merror[0m] [0m[0m	at sbt.internal.librarymanagement.IvySbt$$anon$3.call(Ivy.scala:77)[0m
[0m[[0m[31merror[0m] [0m[0m	at xsbt.boot.Locks$GlobalLock.withChannel$1(Locks.scala:113)[0m
[0m[[0m[31merror[0m] [0m[0m	at xsbt.boot.Locks$GlobalLock.withChannelRetries$1(Locks.scala:91)[0m
[0m[[0m[31merror[0m] [0m[0m	at xsbt.boot.Locks$GlobalLock.$anonfun$withFileLock$1(Locks.scala:119)[0m
[0m[[0m[31merror[0m] [0m[0m	at xsbt.boot.Using$.withResource(Using.scala:12)[0m
[0m[[0m[31merror[0m] [0m[0m	at xsbt.boot.Using$.apply(Using.scala:9)[0m
[0m[[0m[31merror[0m] [0m[0m	at xsbt.boot.Locks$GlobalLock.withFileLock(Locks.scala:119)[0m
[0m[[0m[31merror[0m] [0m[0m	at xsbt.boot.Locks$GlobalLock.ignoringDeadlockAvoided(Locks.scala:71)[0m
[0m[[0m[31merror[0m] [0m[0m	at xsbt.boot.Locks$GlobalLock.withLock(Locks.scala:59)[0m
[0m[[0m[31merror[0m] [0m[0m	at xsbt.boot.Locks$.apply0(Locks.scala:47)[0m
[0m[[0m[31merror[0m] [0m[0m	at xsbt.boot.Locks$.apply(Locks.scala:36)[0m
[0m[[0m[31merror[0m] [0m[0m	at sbt.internal.librarymanagement.IvySbt.withDefaultLogger(Ivy.scala:77)[0m
[0m[[0m[31merror[0m] [0m[0m	at sbt.internal.librarymanagement.IvySbt.withIvy(Ivy.scala:199)[0m
[0m[[0m[31merror[0m] [0m[0m	at sbt.internal.librarymanagement.IvySbt.withIvy(Ivy.scala:196)[0m
[0m[[0m[31merror[0m] [0m[0m	at sbt.internal.librarymanagement.IvySbt$Module.withModule(Ivy.scala:242)[0m
[0m[[0m[31merror[0m] [0m[0m	at sbt.internal.librarymanagement.IvyActions$.updateEither(IvyActions.scala:193)[0m
[0m[[0m[31merror[0m] [0m[0m	at sbt.librarymanagement.ivy.IvyDependencyResolution.update(IvyDependencyResolution.scala:20)[0m
[0m[[0m[31merror[0m] [0m[0m	at sbt.librarymanagement.DependencyResolution.update(DependencyResolution.scala:56)[0m
[0m[[0m[31merror[0m] [0m[0m	at sbt.internal.LibraryManagement$.resolve$1(LibraryManagement.scala:46)[0m
[0m[[0m[31merror[0m] [0m[0m	at sbt.internal.LibraryManagement$.$anonfun$cachedUpdate$12(LibraryManagement.scala:99)[0m
[0m[[0m[31merror[0m] [0m[0m	at sbt.util.Tracked$.$anonfun$lastOutput$1(Tracked.scala:68)[0m
[0m[[0m[31merror[0m] [0m[0m	at sbt.internal.LibraryManagement$.$anonfun$cachedUpdate$19(LibraryManagement.scala:112)[0m
[0m[[0m[31merror[0m] [0m[0m	at scala.util.control.Exception$Catch.apply(Exception.scala:224)[0m
[0m[[0m[31merror[0m] [0m[0m	at sbt.internal.LibraryManagement$.$anonfun$cachedUpdate$11(LibraryManagement.scala:112)[0m
[0m[[0m[31merror[0m] [0m[0m	at sbt.internal.LibraryManagement$.$anonfun$cachedUpdate$11$adapted(LibraryManagement.scala:95)[0m
[0m[[0m[31merror[0m] [0m[0m	at sbt.util.Tracked$.$anonfun$inputChanged$1(Tracked.scala:149)[0m
[0m[[0m[31merror[0m] [0m[0m	at sbt.internal.LibraryManagement$.cachedUpdate(LibraryManagement.scala:126)[0m
[0m[[0m[31merror[0m] [0m[0m	at sbt.Classpaths$.$anonfun$updateTask$5(Defaults.scala:2398)[0m
[0m[[0m[31merror[0m] [0m[0m	at scala.Function1.$anonfun$compose$1(Function1.scala:44)[0m
[0m[[0m[31merror[0m] [0m[0m	at sbt.internal.util.$tilde$greater.$anonfun$$u2219$1(TypeFunctions.scala:39)[0m
[0m[[0m[31merror[0m] [0m[0m	at sbt.std.Transform$$anon$4.work(System.scala:66)[0m
[0m[[0m[31merror[0m] [0m[0m	at sbt.Execute.$anonfun$submit$2(Execute.scala:263)[0m
[0m[[0m[31merror[0m] [0m[0m	at sbt.internal.util.ErrorHandling$.wideConvert(ErrorHandling.scala:16)[0m
[0m[[0m[31merror[0m] [0m[0m	at sbt.Execute.work(Execute.scala:272)[0m
[0m[[0m[31merror[0m] [0m[0m	at sbt.Execute.$anonfun$submit$1(Execute.scala:263)[0m
[0m[[0m[31merror[0m] [0m[0m	at sbt.ConcurrentRestrictions$$anon$4.$anonfun$submitValid$1(ConcurrentRestrictions.scala:174)[0m
[0m[[0m[31merror[0m] [0m[0m	at sbt.CompletionService$$anon$2.call(CompletionService.scala:37)[0m
[0m[[0m[31merror[0m] [0m[0m	at java.util.concurrent.FutureTask.run(FutureTask.java:266)[0m
[0m[[0m[31merror[0m] [0m[0m	at java.util.concurrent.Executors$RunnableAdapter.call(Executors.java:511)[0m
[0m[[0m[31merror[0m] [0m[0m	at java.util.concurrent.FutureTask.run(FutureTask.java:266)[0m
[0m[[0m[31merror[0m] [0m[0m	at java.util.concurrent.ThreadPoolExecutor.runWorker(ThreadPoolExecutor.java:1149)[0m
[0m[[0m[31merror[0m] [0m[0m	at java.util.concurrent.ThreadPoolExecutor$Worker.run(ThreadPoolExecutor.java:624)[0m
[0m[[0m[31merror[0m] [0m[0m	at java.lang.Thread.run(Thread.java:750)[0m
[0m[[0m[31merror[0m] [0m[0m([31mupdate[0m) sbt.librarymanagement.ResolveException: unresolved dependency: net.alasc#attributes_2.12;0.30: not found[0m
[0m[[0m[31merror[0m] [0m[0munresolved dependency: org.scala-metal#metal-core_2.12;0.16.0.0: not found[0m
